

================================================================
== Synthesis Summary Report of 'mlp'
================================================================
+ General Information: 
    * Date:           Mon Feb 15 02:40:16 2021
    * Version:        2020.2 (Build 3064766 on Wed Nov 18 09:12:45 MST 2020)
    * Project:        CG4002
    * Solution:       solution1 (Vivado IP Flow Target)
    * Product family: zynquplus
    * Target device:  xczu3eg-sbva484-1-i
    

+ Performance & Resource Estimates: 
    
    PS: '+' for module; 'o' for loop; '*' for dataflow
    +-------------------------------------+------+-------+---------+-----------+----------+---------+-------+----------+-------------+----------+-------------+-------------+-----+
    |               Modules               | Issue|       | Latency |  Latency  | Iteration|         |  Trip |          |             |          |             |             |     |
    |               & Loops               | Type | Slack | (cycles)|    (ns)   |  Latency | Interval| Count | Pipelined|    BRAM     |    DSP   |      FF     |     LUT     | URAM|
    +-------------------------------------+------+-------+---------+-----------+----------+---------+-------+----------+-------------+----------+-------------+-------------+-----+
    |+ mlp                                |     -|  -0.20|        -|          -|         -|        -|      -|        no|  1237 (286%)|  80 (22%)|  22062 (15%)|  18272 (25%)|    -|
    | + grp_axi_transfer_fu_4076          |    II|  -7.30|       11|    110.000|         -|       10|      -|       yes|            -|         -|    121 (~0%)|    248 (~0%)|    -|
    | o VITIS_LOOP_35_1                   |     -|  -7.30|        -|          -|    809292|        -|      -|        no|            -|         -|            -|            -|    -|
    |  o VITIS_LOOP_45_2                  |    II|  -7.30|       22|    220.000|        13|       10|      2|       yes|            -|         -|            -|            -|    -|
    |  o VITIS_LOOP_54_3_VITIS_LOOP_55_4  |    II|  -7.30|   440966|  4.410e+06|        17|       10|  44096|       yes|            -|         -|            -|            -|    -|
    |  o VITIS_LOOP_60_5_VITIS_LOOP_61_6  |    II|  -7.30|     3846|  3.846e+04|        17|       10|    384|       yes|            -|         -|            -|            -|    -|
    |  o VITIS_LOOP_66_7                  |    II|  -7.30|     1986|  1.986e+04|        17|       10|    198|       yes|            -|         -|            -|            -|    -|
    |  o layer1_loop                      |     -|  -7.30|   360576|  3.606e+06|      5634|        -|     64|        no|            -|         -|            -|            -|    -|
    |   o VITIS_LOOP_74_8                 |    II|  -7.30|     5630|  5.630e+04|        26|       10|    561|       yes|            -|         -|            -|            -|    -|
    |  o layer1_bias                      |     -|  -7.30|       70|    700.000|         8|        1|     64|       yes|            -|         -|            -|            -|    -|
    |  o layer2_loop                      |    II|  -7.30|      577|  5.770e+03|       326|        4|     64|       yes|            -|         -|            -|            -|    -|
    |  o layer2_bias                      |     -|  -7.30|       70|    700.000|         8|        1|     64|       yes|            -|         -|            -|            -|    -|
    |  o layer3_loop                      |    II|  -7.30|      577|  5.770e+03|       326|        4|     64|       yes|            -|         -|            -|            -|    -|
    |  o layer3_bias                      |     -|  -7.30|       70|    700.000|         8|        1|     64|       yes|            -|         -|            -|            -|    -|
    |  o layer4_loop                      |    II|  -7.30|      344|  3.440e+03|       325|        4|      6|       yes|            -|         -|            -|            -|    -|
    |  o layer4_bias                      |    II|  -7.30|       68|    680.000|        19|       10|      6|       yes|            -|         -|            -|            -|    -|
    +-------------------------------------+------+-------+---------+-----------+----------+---------+-------+----------+-------------+----------+-------------+-------------+-----+

