

================================================================
== Synthesis Summary Report of 'mlp'
================================================================
+ General Information: 
    * Date:           Tue Feb 16 00:08:42 2021
    * Version:        2020.2 (Build 3064766 on Wed Nov 18 09:12:45 MST 2020)
    * Project:        CG4002
    * Solution:       solution1 (Vivado IP Flow Target)
    * Product family: zynquplus
    * Target device:  xczu3eg-sbva484-1-e
    

+ Performance & Resource Estimates: 
    
    PS: '+' for module; 'o' for loop; '*' for dataflow
    +-------------------------------------+------+-------+---------+-----------+----------+---------+-------+----------+------------+-----------+-------------+-------------+-----+
    |               Modules               | Issue|       | Latency |  Latency  | Iteration|         |  Trip |          |            |           |             |             |     |
    |               & Loops               | Type | Slack | (cycles)|    (ns)   |  Latency | Interval| Count | Pipelined|    BRAM    |    DSP    |      FF     |     LUT     | URAM|
    +-------------------------------------+------+-------+---------+-----------+----------+---------+-------+----------+------------+-----------+-------------+-------------+-----+
    |+ mlp                                |     -|  -2.03|        -|          -|         -|        -|      -|        no|  481 (111%)|  193 (53%)|  16226 (11%)|  10705 (15%)|    -|
    | + grp_axi_transfer_fu_4024          |    II|  -7.04|       11|    110.000|         -|       10|      -|       yes|           -|          -|     78 (~0%)|    222 (~0%)|    -|
    | o VITIS_LOOP_36_1                   |     -|  -7.30|        -|          -|    807905|        -|      -|        no|           -|          -|            -|            -|    -|
    |  o VITIS_LOOP_45_2                  |    II|  -7.30|       22|    220.000|        13|       10|      2|       yes|           -|          -|            -|            -|    -|
    |  o VITIS_LOOP_54_3_VITIS_LOOP_55_4  |    II|  -7.30|   440962|  4.410e+06|        13|       10|  44096|       yes|           -|          -|            -|            -|    -|
    |  o VITIS_LOOP_60_5_VITIS_LOOP_61_6  |    II|  -7.30|     3842|  3.842e+04|        13|       10|    384|       yes|           -|          -|            -|            -|    -|
    |  o VITIS_LOOP_66_7                  |    II|  -7.30|     1982|  1.982e+04|        13|       10|    198|       yes|           -|          -|            -|            -|    -|
    |  o layer1_loop                      |     -|  -7.30|   360192|  3.602e+06|      5628|        -|     64|        no|           -|          -|            -|            -|    -|
    |   o VITIS_LOOP_74_8                 |    II|  -7.30|     5622|  5.622e+04|        16|       10|    561|       yes|           -|          -|            -|            -|    -|
    |  o layer2_loop                      |    II|  -7.30|      321|  3.210e+03|        70|        4|     64|       yes|           -|          -|            -|            -|    -|
    |  o layer3_loop                      |    II|  -7.30|      321|  3.210e+03|        70|        4|     64|       yes|           -|          -|            -|            -|    -|
    |  o layer4_loop                      |    II|  -7.30|       87|    870.000|        68|        4|      6|       yes|           -|          -|            -|            -|    -|
    |  o layer4_bias                      |    II|  -7.30|       62|    620.000|        13|       10|      6|       yes|           -|          -|            -|            -|    -|
    +-------------------------------------+------+-------+---------+-----------+----------+---------+-------+----------+------------+-----------+-------------+-------------+-----+

