

================================================================
== Vivado HLS Report for 'calculate_2'
================================================================
* Date:           Fri Apr  9 14:20:21 2021

* Version:        2020.1 (Build 2897737 on Wed May 27 20:21:37 MDT 2020)
* Project:        CNN_prototype
* Solution:       solution1
* Product family: zynquplus
* Target device:  xczu3eg-sbva484-1-i


================================================================
== Performance Estimates
================================================================
+ Timing: 
    * Summary: 
    +--------+----------+----------+------------+
    |  Clock |  Target  | Estimated| Uncertainty|
    +--------+----------+----------+------------+
    |ap_clk  | 10.00 ns | 9.622 ns |   1.25 ns  |
    +--------+----------+----------+------------+

+ Latency: 
    * Summary: 
    +---------+---------+----------+----------+-----+-----+----------+
    |  Latency (cycles) |  Latency (absolute) |  Interval | Pipeline |
    |   min   |   max   |    min   |    max   | min | max |   Type   |
    +---------+---------+----------+----------+-----+-----+----------+
    |      519|      519| 5.190 us | 5.190 us |   64|   64| function |
    +---------+---------+----------+----------+-----+-----+----------+

    + Detail: 
        * Instance: 
        N/A

        * Loop: 
        N/A



================================================================
== Utilization Estimates
================================================================
* Summary: 
+-----------------+---------+-------+--------+-------+-----+
|       Name      | BRAM_18K| DSP48E|   FF   |  LUT  | URAM|
+-----------------+---------+-------+--------+-------+-----+
|DSP              |        -|      -|       -|      -|    -|
|Expression       |        -|      -|       0|   1401|    -|
|FIFO             |        -|      -|       -|      -|    -|
|Instance         |        -|     10|     710|    704|    -|
|Memory           |        -|      -|       -|      -|    -|
|Multiplexer      |        -|      -|       -|   2268|    -|
|Register         |        0|      -|   11373|   2944|    -|
+-----------------+---------+-------+--------+-------+-----+
|Total            |        0|     10|   12083|   7317|    0|
+-----------------+---------+-------+--------+-------+-----+
|Available        |      432|    360|  141120|  70560|    0|
+-----------------+---------+-------+--------+-------+-----+
|Utilization (%)  |        0|      2|       8|     10|    0|
+-----------------+---------+-------+--------+-------+-----+

+ Detail: 
    * Instance: 
    +--------------------------+----------------------+---------+-------+-----+-----+-----+
    |         Instance         |        Module        | BRAM_18K| DSP48E|  FF | LUT | URAM|
    +--------------------------+----------------------+---------+-------+-----+-----+-----+
    |mlp_dance3_fadd_3bkb_U31  |mlp_dance3_fadd_3bkb  |        0|      2|  227|  214|    0|
    |mlp_dance3_fadd_3bkb_U32  |mlp_dance3_fadd_3bkb  |        0|      2|  227|  214|    0|
    |mlp_dance3_fmul_3cud_U33  |mlp_dance3_fmul_3cud  |        0|      3|  128|  138|    0|
    |mlp_dance3_fmul_3cud_U34  |mlp_dance3_fmul_3cud  |        0|      3|  128|  138|    0|
    +--------------------------+----------------------+---------+-------+-----+-----+-----+
    |Total                     |                      |        0|     10|  710|  704|    0|
    +--------------------------+----------------------+---------+-------+-----+-----+-----+

    * DSP48E: 
    N/A

    * Memory: 
    N/A

    * FIFO: 
    N/A

    * Expression: 
    +---------------------------+----------+-------+---+----+------------+------------+
    |       Variable Name       | Operation| DSP48E| FF| LUT| Bitwidth P0| Bitwidth P1|
    +---------------------------+----------+-------+---+----+------------+------------+
    |ap_block_pp0_stage0_11001  |    and   |      0|  0|   2|           1|           1|
    |or_ln19_100_fu_4277_p2     |    or    |      0|  0|  11|          11|           7|
    |or_ln19_101_fu_4291_p2     |    or    |      0|  0|  11|          11|           7|
    |or_ln19_102_fu_4305_p2     |    or    |      0|  0|  11|          11|           7|
    |or_ln19_103_fu_4319_p2     |    or    |      0|  0|  11|          11|           7|
    |or_ln19_104_fu_4333_p2     |    or    |      0|  0|  11|          11|           7|
    |or_ln19_105_fu_4347_p2     |    or    |      0|  0|  11|          11|           7|
    |or_ln19_106_fu_4361_p2     |    or    |      0|  0|  11|          11|           7|
    |or_ln19_107_fu_4375_p2     |    or    |      0|  0|  11|          11|           7|
    |or_ln19_108_fu_4389_p2     |    or    |      0|  0|  11|          11|           7|
    |or_ln19_109_fu_4403_p2     |    or    |      0|  0|  11|          11|           7|
    |or_ln19_10_fu_3017_p2      |    or    |      0|  0|  11|          11|           4|
    |or_ln19_110_fu_4417_p2     |    or    |      0|  0|  11|          11|           7|
    |or_ln19_111_fu_4431_p2     |    or    |      0|  0|  11|          11|           7|
    |or_ln19_112_fu_4445_p2     |    or    |      0|  0|  11|          11|           7|
    |or_ln19_113_fu_4459_p2     |    or    |      0|  0|  11|          11|           7|
    |or_ln19_114_fu_4473_p2     |    or    |      0|  0|  11|          11|           7|
    |or_ln19_115_fu_4487_p2     |    or    |      0|  0|  11|          11|           7|
    |or_ln19_116_fu_4501_p2     |    or    |      0|  0|  11|          11|           7|
    |or_ln19_117_fu_4515_p2     |    or    |      0|  0|  11|          11|           7|
    |or_ln19_118_fu_4529_p2     |    or    |      0|  0|  11|          11|           7|
    |or_ln19_119_fu_4543_p2     |    or    |      0|  0|  11|          11|           7|
    |or_ln19_11_fu_3031_p2      |    or    |      0|  0|  11|          11|           4|
    |or_ln19_120_fu_4557_p2     |    or    |      0|  0|  11|          11|           7|
    |or_ln19_121_fu_4571_p2     |    or    |      0|  0|  11|          11|           7|
    |or_ln19_122_fu_4585_p2     |    or    |      0|  0|  11|          11|           7|
    |or_ln19_123_fu_4599_p2     |    or    |      0|  0|  11|          11|           7|
    |or_ln19_124_fu_4613_p2     |    or    |      0|  0|  11|          11|           7|
    |or_ln19_125_fu_4627_p2     |    or    |      0|  0|  11|          11|           7|
    |or_ln19_126_fu_4641_p2     |    or    |      0|  0|  11|          11|           7|
    |or_ln19_12_fu_3045_p2      |    or    |      0|  0|  11|          11|           4|
    |or_ln19_13_fu_3059_p2      |    or    |      0|  0|  11|          11|           4|
    |or_ln19_14_fu_3073_p2      |    or    |      0|  0|  11|          11|           4|
    |or_ln19_15_fu_3087_p2      |    or    |      0|  0|  11|          11|           5|
    |or_ln19_16_fu_3101_p2      |    or    |      0|  0|  11|          11|           5|
    |or_ln19_17_fu_3115_p2      |    or    |      0|  0|  11|          11|           5|
    |or_ln19_18_fu_3129_p2      |    or    |      0|  0|  11|          11|           5|
    |or_ln19_19_fu_3143_p2      |    or    |      0|  0|  11|          11|           5|
    |or_ln19_1_fu_2891_p2       |    or    |      0|  0|  11|          11|           2|
    |or_ln19_20_fu_3157_p2      |    or    |      0|  0|  11|          11|           5|
    |or_ln19_21_fu_3171_p2      |    or    |      0|  0|  11|          11|           5|
    |or_ln19_22_fu_3185_p2      |    or    |      0|  0|  11|          11|           5|
    |or_ln19_23_fu_3199_p2      |    or    |      0|  0|  11|          11|           5|
    |or_ln19_24_fu_3213_p2      |    or    |      0|  0|  11|          11|           5|
    |or_ln19_25_fu_3227_p2      |    or    |      0|  0|  11|          11|           5|
    |or_ln19_26_fu_3241_p2      |    or    |      0|  0|  11|          11|           5|
    |or_ln19_27_fu_3255_p2      |    or    |      0|  0|  11|          11|           5|
    |or_ln19_28_fu_3269_p2      |    or    |      0|  0|  11|          11|           5|
    |or_ln19_29_fu_3283_p2      |    or    |      0|  0|  11|          11|           5|
    |or_ln19_2_fu_2905_p2       |    or    |      0|  0|  11|          11|           2|
    |or_ln19_30_fu_3297_p2      |    or    |      0|  0|  11|          11|           5|
    |or_ln19_31_fu_3311_p2      |    or    |      0|  0|  11|          11|           6|
    |or_ln19_32_fu_3325_p2      |    or    |      0|  0|  11|          11|           6|
    |or_ln19_33_fu_3339_p2      |    or    |      0|  0|  11|          11|           6|
    |or_ln19_34_fu_3353_p2      |    or    |      0|  0|  11|          11|           6|
    |or_ln19_35_fu_3367_p2      |    or    |      0|  0|  11|          11|           6|
    |or_ln19_36_fu_3381_p2      |    or    |      0|  0|  11|          11|           6|
    |or_ln19_37_fu_3395_p2      |    or    |      0|  0|  11|          11|           6|
    |or_ln19_38_fu_3409_p2      |    or    |      0|  0|  11|          11|           6|
    |or_ln19_39_fu_3423_p2      |    or    |      0|  0|  11|          11|           6|
    |or_ln19_3_fu_2919_p2       |    or    |      0|  0|  11|          11|           3|
    |or_ln19_40_fu_3437_p2      |    or    |      0|  0|  11|          11|           6|
    |or_ln19_41_fu_3451_p2      |    or    |      0|  0|  11|          11|           6|
    |or_ln19_42_fu_3465_p2      |    or    |      0|  0|  11|          11|           6|
    |or_ln19_43_fu_3479_p2      |    or    |      0|  0|  11|          11|           6|
    |or_ln19_44_fu_3493_p2      |    or    |      0|  0|  11|          11|           6|
    |or_ln19_45_fu_3507_p2      |    or    |      0|  0|  11|          11|           6|
    |or_ln19_46_fu_3521_p2      |    or    |      0|  0|  11|          11|           6|
    |or_ln19_47_fu_3535_p2      |    or    |      0|  0|  11|          11|           6|
    |or_ln19_48_fu_3549_p2      |    or    |      0|  0|  11|          11|           6|
    |or_ln19_49_fu_3563_p2      |    or    |      0|  0|  11|          11|           6|
    |or_ln19_4_fu_2933_p2       |    or    |      0|  0|  11|          11|           3|
    |or_ln19_50_fu_3577_p2      |    or    |      0|  0|  11|          11|           6|
    |or_ln19_51_fu_3591_p2      |    or    |      0|  0|  11|          11|           6|
    |or_ln19_52_fu_3605_p2      |    or    |      0|  0|  11|          11|           6|
    |or_ln19_53_fu_3619_p2      |    or    |      0|  0|  11|          11|           6|
    |or_ln19_54_fu_3633_p2      |    or    |      0|  0|  11|          11|           6|
    |or_ln19_55_fu_3647_p2      |    or    |      0|  0|  11|          11|           6|
    |or_ln19_56_fu_3661_p2      |    or    |      0|  0|  11|          11|           6|
    |or_ln19_57_fu_3675_p2      |    or    |      0|  0|  11|          11|           6|
    |or_ln19_58_fu_3689_p2      |    or    |      0|  0|  11|          11|           6|
    |or_ln19_59_fu_3703_p2      |    or    |      0|  0|  11|          11|           6|
    |or_ln19_5_fu_2947_p2       |    or    |      0|  0|  11|          11|           3|
    |or_ln19_60_fu_3717_p2      |    or    |      0|  0|  11|          11|           6|
    |or_ln19_61_fu_3731_p2      |    or    |      0|  0|  11|          11|           6|
    |or_ln19_62_fu_3745_p2      |    or    |      0|  0|  11|          11|           6|
    |or_ln19_63_fu_3759_p2      |    or    |      0|  0|  11|          11|           7|
    |or_ln19_64_fu_3773_p2      |    or    |      0|  0|  11|          11|           7|
    |or_ln19_65_fu_3787_p2      |    or    |      0|  0|  11|          11|           7|
    |or_ln19_66_fu_3801_p2      |    or    |      0|  0|  11|          11|           7|
    |or_ln19_67_fu_3815_p2      |    or    |      0|  0|  11|          11|           7|
    |or_ln19_68_fu_3829_p2      |    or    |      0|  0|  11|          11|           7|
    |or_ln19_69_fu_3843_p2      |    or    |      0|  0|  11|          11|           7|
    |or_ln19_6_fu_2961_p2       |    or    |      0|  0|  11|          11|           3|
    |or_ln19_70_fu_3857_p2      |    or    |      0|  0|  11|          11|           7|
    |or_ln19_71_fu_3871_p2      |    or    |      0|  0|  11|          11|           7|
    |or_ln19_72_fu_3885_p2      |    or    |      0|  0|  11|          11|           7|
    |or_ln19_73_fu_3899_p2      |    or    |      0|  0|  11|          11|           7|
    |or_ln19_74_fu_3913_p2      |    or    |      0|  0|  11|          11|           7|
    |or_ln19_75_fu_3927_p2      |    or    |      0|  0|  11|          11|           7|
    |or_ln19_76_fu_3941_p2      |    or    |      0|  0|  11|          11|           7|
    |or_ln19_77_fu_3955_p2      |    or    |      0|  0|  11|          11|           7|
    |or_ln19_78_fu_3969_p2      |    or    |      0|  0|  11|          11|           7|
    |or_ln19_79_fu_3983_p2      |    or    |      0|  0|  11|          11|           7|
    |or_ln19_7_fu_2975_p2       |    or    |      0|  0|  11|          11|           4|
    |or_ln19_80_fu_3997_p2      |    or    |      0|  0|  11|          11|           7|
    |or_ln19_81_fu_4011_p2      |    or    |      0|  0|  11|          11|           7|
    |or_ln19_82_fu_4025_p2      |    or    |      0|  0|  11|          11|           7|
    |or_ln19_83_fu_4039_p2      |    or    |      0|  0|  11|          11|           7|
    |or_ln19_84_fu_4053_p2      |    or    |      0|  0|  11|          11|           7|
    |or_ln19_85_fu_4067_p2      |    or    |      0|  0|  11|          11|           7|
    |or_ln19_86_fu_4081_p2      |    or    |      0|  0|  11|          11|           7|
    |or_ln19_87_fu_4095_p2      |    or    |      0|  0|  11|          11|           7|
    |or_ln19_88_fu_4109_p2      |    or    |      0|  0|  11|          11|           7|
    |or_ln19_89_fu_4123_p2      |    or    |      0|  0|  11|          11|           7|
    |or_ln19_8_fu_2989_p2       |    or    |      0|  0|  11|          11|           4|
    |or_ln19_90_fu_4137_p2      |    or    |      0|  0|  11|          11|           7|
    |or_ln19_91_fu_4151_p2      |    or    |      0|  0|  11|          11|           7|
    |or_ln19_92_fu_4165_p2      |    or    |      0|  0|  11|          11|           7|
    |or_ln19_93_fu_4179_p2      |    or    |      0|  0|  11|          11|           7|
    |or_ln19_94_fu_4193_p2      |    or    |      0|  0|  11|          11|           7|
    |or_ln19_95_fu_4207_p2      |    or    |      0|  0|  11|          11|           7|
    |or_ln19_96_fu_4221_p2      |    or    |      0|  0|  11|          11|           7|
    |or_ln19_97_fu_4235_p2      |    or    |      0|  0|  11|          11|           7|
    |or_ln19_98_fu_4249_p2      |    or    |      0|  0|  11|          11|           7|
    |or_ln19_99_fu_4263_p2      |    or    |      0|  0|  11|          11|           7|
    |or_ln19_9_fu_3003_p2       |    or    |      0|  0|  11|          11|           4|
    |or_ln19_fu_2876_p2         |    or    |      0|  0|  11|          11|           1|
    |ap_enable_pp0              |    xor   |      0|  0|   2|           1|           2|
    +---------------------------+----------+-------+---+----+------------+------------+
    |Total                      |          |      0|  0|1401|        1399|         772|
    +---------------------------+----------+-------+---+----+------------+------------+

    * Multiplexer: 
    +-------------------------+-----+-----------+-----+-----------+
    |           Name          | LUT | Input Size| Bits| Total Bits|
    +-------------------------+-----+-----------+-----+-----------+
    |a_address0               |  293|         65|    7|        455|
    |a_address1               |  293|         65|    7|        455|
    |ap_NS_fsm                |  293|         65|    1|         65|
    |ap_enable_reg_pp0_iter0  |    9|          2|    1|          2|
    |ap_enable_reg_pp0_iter8  |    9|          2|    1|          2|
    |b_address0               |  293|         65|   11|        715|
    |b_address1               |  293|         65|   11|        715|
    |grp_fu_2728_p0           |   44|          9|   32|        288|
    |grp_fu_2728_p1           |  293|         65|   32|       2080|
    |grp_fu_2733_p0           |   47|         10|   32|        320|
    |grp_fu_2733_p1           |  293|         65|   32|       2080|
    |grp_fu_2737_p0           |   27|          5|   32|        160|
    |grp_fu_2737_p1           |   27|          5|   32|        160|
    |grp_fu_2741_p0           |   27|          5|   32|        160|
    |grp_fu_2741_p1           |   27|          5|   32|        160|
    +-------------------------+-----+-----------+-----+-----------+
    |Total                    | 2268|        498|  295|       7817|
    +-------------------------+-----+-----------+-----+-----------+

    * Register: 
    +-------------------------------+-----+----+-----+-----------+
    |              Name             |  FF | LUT| Bits| Const Bits|
    +-------------------------------+-----+----+-----+-----------+
    |a_load_126_reg_6655            |   32|   0|   32|          0|
    |a_load_127_reg_6660            |   32|   0|   32|          0|
    |ap_CS_fsm                      |   64|   0|   64|          0|
    |ap_enable_reg_pp0_iter0_reg    |    1|   0|    1|          0|
    |ap_enable_reg_pp0_iter1        |    1|   0|    1|          0|
    |ap_enable_reg_pp0_iter2        |    1|   0|    1|          0|
    |ap_enable_reg_pp0_iter3        |    1|   0|    1|          0|
    |ap_enable_reg_pp0_iter4        |    1|   0|    1|          0|
    |ap_enable_reg_pp0_iter5        |    1|   0|    1|          0|
    |ap_enable_reg_pp0_iter6        |    1|   0|    1|          0|
    |ap_enable_reg_pp0_iter7        |    1|   0|    1|          0|
    |ap_enable_reg_pp0_iter8        |    1|   0|    1|          0|
    |b_load_126_reg_6665            |   32|   0|   32|          0|
    |b_load_127_reg_6670            |   32|   0|   32|          0|
    |reg_2745                       |   32|   0|   32|          0|
    |reg_2750                       |   32|   0|   32|          0|
    |reg_2755                       |   32|   0|   32|          0|
    |reg_2760                       |   32|   0|   32|          0|
    |reg_2765                       |   32|   0|   32|          0|
    |reg_2770                       |   32|   0|   32|          0|
    |reg_2775                       |   32|   0|   32|          0|
    |reg_2780                       |   32|   0|   32|          0|
    |reg_2785                       |   32|   0|   32|          0|
    |reg_2790                       |   32|   0|   32|          0|
    |reg_2795                       |   32|   0|   32|          0|
    |reg_2800                       |   32|   0|   32|          0|
    |reg_2805                       |   32|   0|   32|          0|
    |reg_2811                       |   32|   0|   32|          0|
    |reg_2817                       |   32|   0|   32|          0|
    |reg_2822                       |   32|   0|   32|          0|
    |reg_2828                       |   32|   0|   32|          0|
    |reg_2834                       |   32|   0|   32|          0|
    |reg_2840                       |   32|   0|   32|          0|
    |reg_2846                       |   32|   0|   32|          0|
    |reg_2852                       |   32|   0|   32|          0|
    |reg_2858                       |   32|   0|   32|          0|
    |tmp_100_reg_6380               |   32|   0|   32|          0|
    |tmp_101_reg_6405               |   32|   0|   32|          0|
    |tmp_102_reg_6410               |   32|   0|   32|          0|
    |tmp_103_reg_6435               |   32|   0|   32|          0|
    |tmp_104_reg_6440               |   32|   0|   32|          0|
    |tmp_105_reg_6465               |   32|   0|   32|          0|
    |tmp_106_reg_6470               |   32|   0|   32|          0|
    |tmp_107_reg_6495               |   32|   0|   32|          0|
    |tmp_108_reg_6500               |   32|   0|   32|          0|
    |tmp_109_reg_6525               |   32|   0|   32|          0|
    |tmp_10_reg_5025                |   32|   0|   32|          0|
    |tmp_110_reg_6530               |   32|   0|   32|          0|
    |tmp_111_reg_6555               |   32|   0|   32|          0|
    |tmp_112_reg_6560               |   32|   0|   32|          0|
    |tmp_113_reg_6585               |   32|   0|   32|          0|
    |tmp_114_reg_6590               |   32|   0|   32|          0|
    |tmp_115_reg_6615               |   32|   0|   32|          0|
    |tmp_116_reg_6620               |   32|   0|   32|          0|
    |tmp_117_reg_6645               |   32|   0|   32|          0|
    |tmp_118_reg_6650               |   32|   0|   32|          0|
    |tmp_119_reg_6675               |   32|   0|   32|          0|
    |tmp_11_reg_5030                |   32|   0|   32|          0|
    |tmp_120_reg_6680               |   32|   0|   32|          0|
    |tmp_121_reg_6685               |   32|   0|   32|          0|
    |tmp_122_reg_6690               |   32|   0|   32|          0|
    |tmp_123_reg_6695               |   32|   0|   32|          0|
    |tmp_124_reg_6700               |   32|   0|   32|          0|
    |tmp_125_reg_6705               |   32|   0|   32|          0|
    |tmp_126_reg_6710               |   32|   0|   32|          0|
    |tmp_127_reg_4655               |    4|   0|   11|          7|
    |tmp_12_reg_5055                |   32|   0|   32|          0|
    |tmp_13_reg_5060                |   32|   0|   32|          0|
    |tmp_14_reg_5085                |   32|   0|   32|          0|
    |tmp_15_reg_5090                |   32|   0|   32|          0|
    |tmp_16_reg_5115                |   32|   0|   32|          0|
    |tmp_17_reg_5120                |   32|   0|   32|          0|
    |tmp_18_reg_5145                |   32|   0|   32|          0|
    |tmp_19_reg_5150                |   32|   0|   32|          0|
    |tmp_19_reg_5150_pp0_iter1_reg  |   32|   0|   32|          0|
    |tmp_1_reg_4885                 |   32|   0|   32|          0|
    |tmp_20_reg_5175                |   32|   0|   32|          0|
    |tmp_20_reg_5175_pp0_iter1_reg  |   32|   0|   32|          0|
    |tmp_21_reg_5180                |   32|   0|   32|          0|
    |tmp_21_reg_5180_pp0_iter1_reg  |   32|   0|   32|          0|
    |tmp_22_reg_5205                |   32|   0|   32|          0|
    |tmp_22_reg_5205_pp0_iter1_reg  |   32|   0|   32|          0|
    |tmp_23_reg_5210                |   32|   0|   32|          0|
    |tmp_23_reg_5210_pp0_iter1_reg  |   32|   0|   32|          0|
    |tmp_24_reg_5235                |   32|   0|   32|          0|
    |tmp_24_reg_5235_pp0_iter1_reg  |   32|   0|   32|          0|
    |tmp_25_reg_5240                |   32|   0|   32|          0|
    |tmp_25_reg_5240_pp0_iter1_reg  |   32|   0|   32|          0|
    |tmp_26_reg_5265                |   32|   0|   32|          0|
    |tmp_26_reg_5265_pp0_iter1_reg  |   32|   0|   32|          0|
    |tmp_27_reg_5270                |   32|   0|   32|          0|
    |tmp_27_reg_5270_pp0_iter1_reg  |   32|   0|   32|          0|
    |tmp_28_reg_5295                |   32|   0|   32|          0|
    |tmp_28_reg_5295_pp0_iter1_reg  |   32|   0|   32|          0|
    |tmp_29_reg_5300                |   32|   0|   32|          0|
    |tmp_29_reg_5300_pp0_iter1_reg  |   32|   0|   32|          0|
    |tmp_2_reg_4910                 |   32|   0|   32|          0|
    |tmp_30_reg_5325                |   32|   0|   32|          0|
    |tmp_30_reg_5325_pp0_iter1_reg  |   32|   0|   32|          0|
    |tmp_31_reg_5355                |   32|   0|   32|          0|
    |tmp_31_reg_5355_pp0_iter1_reg  |   32|   0|   32|          0|
    |tmp_32_reg_5360                |   32|   0|   32|          0|
    |tmp_32_reg_5360_pp0_iter1_reg  |   32|   0|   32|          0|
    |tmp_33_reg_5385                |   32|   0|   32|          0|
    |tmp_33_reg_5385_pp0_iter1_reg  |   32|   0|   32|          0|
    |tmp_34_reg_5390                |   32|   0|   32|          0|
    |tmp_34_reg_5390_pp0_iter1_reg  |   32|   0|   32|          0|
    |tmp_35_reg_5415                |   32|   0|   32|          0|
    |tmp_36_reg_5420                |   32|   0|   32|          0|
    |tmp_37_reg_5445                |   32|   0|   32|          0|
    |tmp_38_reg_5450                |   32|   0|   32|          0|
    |tmp_39_reg_5475                |   32|   0|   32|          0|
    |tmp_3_reg_4915                 |   32|   0|   32|          0|
    |tmp_40_reg_5480                |   32|   0|   32|          0|
    |tmp_41_reg_5505                |   32|   0|   32|          0|
    |tmp_42_reg_5510                |   32|   0|   32|          0|
    |tmp_43_reg_5535                |   32|   0|   32|          0|
    |tmp_44_reg_5540                |   32|   0|   32|          0|
    |tmp_45_reg_5565                |   32|   0|   32|          0|
    |tmp_46_reg_5570                |   32|   0|   32|          0|
    |tmp_47_reg_5595                |   32|   0|   32|          0|
    |tmp_48_reg_5600                |   32|   0|   32|          0|
    |tmp_49_reg_5625                |   32|   0|   32|          0|
    |tmp_4_reg_4940                 |   32|   0|   32|          0|
    |tmp_50_reg_5630                |   32|   0|   32|          0|
    |tmp_51_reg_5655                |   32|   0|   32|          0|
    |tmp_52_reg_5660                |   32|   0|   32|          0|
    |tmp_53_reg_5685                |   32|   0|   32|          0|
    |tmp_54_reg_5690                |   32|   0|   32|          0|
    |tmp_55_reg_5715                |   32|   0|   32|          0|
    |tmp_56_reg_5720                |   32|   0|   32|          0|
    |tmp_57_reg_5745                |   32|   0|   32|          0|
    |tmp_58_reg_5750                |   32|   0|   32|          0|
    |tmp_59_reg_5775                |   32|   0|   32|          0|
    |tmp_5_reg_4945                 |   32|   0|   32|          0|
    |tmp_60_reg_5780                |   32|   0|   32|          0|
    |tmp_61_reg_5805                |   32|   0|   32|          0|
    |tmp_62_reg_5810                |   32|   0|   32|          0|
    |tmp_63_reg_5835                |   32|   0|   32|          0|
    |tmp_64_reg_5840                |   32|   0|   32|          0|
    |tmp_65_reg_5865                |   32|   0|   32|          0|
    |tmp_66_reg_5870                |   32|   0|   32|          0|
    |tmp_67_reg_5895                |   32|   0|   32|          0|
    |tmp_68_reg_5900                |   32|   0|   32|          0|
    |tmp_69_reg_5925                |   32|   0|   32|          0|
    |tmp_6_reg_4970                 |   32|   0|   32|          0|
    |tmp_70_reg_5930                |   32|   0|   32|          0|
    |tmp_71_reg_5955                |   32|   0|   32|          0|
    |tmp_72_reg_5960                |   32|   0|   32|          0|
    |tmp_73_reg_5985                |   32|   0|   32|          0|
    |tmp_74_reg_5990                |   32|   0|   32|          0|
    |tmp_75_reg_6015                |   32|   0|   32|          0|
    |tmp_76_reg_6020                |   32|   0|   32|          0|
    |tmp_77_reg_6045                |   32|   0|   32|          0|
    |tmp_78_reg_6050                |   32|   0|   32|          0|
    |tmp_79_reg_6075                |   32|   0|   32|          0|
    |tmp_7_reg_4975                 |   32|   0|   32|          0|
    |tmp_80_reg_6080                |   32|   0|   32|          0|
    |tmp_81_reg_6105                |   32|   0|   32|          0|
    |tmp_82_reg_6110                |   32|   0|   32|          0|
    |tmp_83_reg_6135                |   32|   0|   32|          0|
    |tmp_84_reg_6140                |   32|   0|   32|          0|
    |tmp_85_reg_6165                |   32|   0|   32|          0|
    |tmp_86_reg_6170                |   32|   0|   32|          0|
    |tmp_87_reg_6195                |   32|   0|   32|          0|
    |tmp_88_reg_6200                |   32|   0|   32|          0|
    |tmp_89_reg_6225                |   32|   0|   32|          0|
    |tmp_90_reg_6230                |   32|   0|   32|          0|
    |tmp_91_reg_6255                |   32|   0|   32|          0|
    |tmp_92_reg_6260                |   32|   0|   32|          0|
    |tmp_93_reg_6285                |   32|   0|   32|          0|
    |tmp_94_reg_6290                |   32|   0|   32|          0|
    |tmp_95_reg_6315                |   32|   0|   32|          0|
    |tmp_96_reg_6320                |   32|   0|   32|          0|
    |tmp_97_reg_6345                |   32|   0|   32|          0|
    |tmp_98_reg_6350                |   32|   0|   32|          0|
    |tmp_99_reg_6375                |   32|   0|   32|          0|
    |tmp_9_reg_5000                 |   32|   0|   32|          0|
    |tmp_s_reg_5330                 |   32|   0|   32|          0|
    |tmp_s_reg_5330_pp0_iter1_reg   |   32|   0|   32|          0|
    |tmp_100_reg_6380               |   64|  32|   32|          0|
    |tmp_101_reg_6405               |   64|  32|   32|          0|
    |tmp_102_reg_6410               |   64|  32|   32|          0|
    |tmp_103_reg_6435               |   64|  32|   32|          0|
    |tmp_104_reg_6440               |   64|  32|   32|          0|
    |tmp_105_reg_6465               |   64|  32|   32|          0|
    |tmp_106_reg_6470               |   64|  32|   32|          0|
    |tmp_107_reg_6495               |   64|  32|   32|          0|
    |tmp_108_reg_6500               |   64|  32|   32|          0|
    |tmp_109_reg_6525               |   64|  32|   32|          0|
    |tmp_110_reg_6530               |   64|  32|   32|          0|
    |tmp_111_reg_6555               |   64|  32|   32|          0|
    |tmp_112_reg_6560               |   64|  32|   32|          0|
    |tmp_113_reg_6585               |   64|  32|   32|          0|
    |tmp_114_reg_6590               |   64|  32|   32|          0|
    |tmp_115_reg_6615               |   64|  32|   32|          0|
    |tmp_116_reg_6620               |   64|  32|   32|          0|
    |tmp_117_reg_6645               |   64|  32|   32|          0|
    |tmp_118_reg_6650               |   64|  32|   32|          0|
    |tmp_119_reg_6675               |   64|  32|   32|          0|
    |tmp_120_reg_6680               |   64|  32|   32|          0|
    |tmp_121_reg_6685               |   64|  32|   32|          0|
    |tmp_122_reg_6690               |   64|  32|   32|          0|
    |tmp_123_reg_6695               |   64|  32|   32|          0|
    |tmp_124_reg_6700               |   64|  32|   32|          0|
    |tmp_125_reg_6705               |   64|  32|   32|          0|
    |tmp_126_reg_6710               |   64|  32|   32|          0|
    |tmp_35_reg_5415                |   64|  32|   32|          0|
    |tmp_36_reg_5420                |   64|  32|   32|          0|
    |tmp_37_reg_5445                |   64|  32|   32|          0|
    |tmp_38_reg_5450                |   64|  32|   32|          0|
    |tmp_39_reg_5475                |   64|  32|   32|          0|
    |tmp_40_reg_5480                |   64|  32|   32|          0|
    |tmp_41_reg_5505                |   64|  32|   32|          0|
    |tmp_42_reg_5510                |   64|  32|   32|          0|
    |tmp_43_reg_5535                |   64|  32|   32|          0|
    |tmp_44_reg_5540                |   64|  32|   32|          0|
    |tmp_45_reg_5565                |   64|  32|   32|          0|
    |tmp_46_reg_5570                |   64|  32|   32|          0|
    |tmp_47_reg_5595                |   64|  32|   32|          0|
    |tmp_48_reg_5600                |   64|  32|   32|          0|
    |tmp_49_reg_5625                |   64|  32|   32|          0|
    |tmp_50_reg_5630                |   64|  32|   32|          0|
    |tmp_51_reg_5655                |   64|  32|   32|          0|
    |tmp_52_reg_5660                |   64|  32|   32|          0|
    |tmp_53_reg_5685                |   64|  32|   32|          0|
    |tmp_54_reg_5690                |   64|  32|   32|          0|
    |tmp_55_reg_5715                |   64|  32|   32|          0|
    |tmp_56_reg_5720                |   64|  32|   32|          0|
    |tmp_57_reg_5745                |   64|  32|   32|          0|
    |tmp_58_reg_5750                |   64|  32|   32|          0|
    |tmp_59_reg_5775                |   64|  32|   32|          0|
    |tmp_60_reg_5780                |   64|  32|   32|          0|
    |tmp_61_reg_5805                |   64|  32|   32|          0|
    |tmp_62_reg_5810                |   64|  32|   32|          0|
    |tmp_63_reg_5835                |   64|  32|   32|          0|
    |tmp_64_reg_5840                |   64|  32|   32|          0|
    |tmp_65_reg_5865                |   64|  32|   32|          0|
    |tmp_66_reg_5870                |   64|  32|   32|          0|
    |tmp_67_reg_5895                |   64|  32|   32|          0|
    |tmp_68_reg_5900                |   64|  32|   32|          0|
    |tmp_69_reg_5925                |   64|  32|   32|          0|
    |tmp_70_reg_5930                |   64|  32|   32|          0|
    |tmp_71_reg_5955                |   64|  32|   32|          0|
    |tmp_72_reg_5960                |   64|  32|   32|          0|
    |tmp_73_reg_5985                |   64|  32|   32|          0|
    |tmp_74_reg_5990                |   64|  32|   32|          0|
    |tmp_75_reg_6015                |   64|  32|   32|          0|
    |tmp_76_reg_6020                |   64|  32|   32|          0|
    |tmp_77_reg_6045                |   64|  32|   32|          0|
    |tmp_78_reg_6050                |   64|  32|   32|          0|
    |tmp_79_reg_6075                |   64|  32|   32|          0|
    |tmp_80_reg_6080                |   64|  32|   32|          0|
    |tmp_81_reg_6105                |   64|  32|   32|          0|
    |tmp_82_reg_6110                |   64|  32|   32|          0|
    |tmp_83_reg_6135                |   64|  32|   32|          0|
    |tmp_84_reg_6140                |   64|  32|   32|          0|
    |tmp_85_reg_6165                |   64|  32|   32|          0|
    |tmp_86_reg_6170                |   64|  32|   32|          0|
    |tmp_87_reg_6195                |   64|  32|   32|          0|
    |tmp_88_reg_6200                |   64|  32|   32|          0|
    |tmp_89_reg_6225                |   64|  32|   32|          0|
    |tmp_90_reg_6230                |   64|  32|   32|          0|
    |tmp_91_reg_6255                |   64|  32|   32|          0|
    |tmp_92_reg_6260                |   64|  32|   32|          0|
    |tmp_93_reg_6285                |   64|  32|   32|          0|
    |tmp_94_reg_6290                |   64|  32|   32|          0|
    |tmp_95_reg_6315                |   64|  32|   32|          0|
    |tmp_96_reg_6320                |   64|  32|   32|          0|
    |tmp_97_reg_6345                |   64|  32|   32|          0|
    |tmp_98_reg_6350                |   64|  32|   32|          0|
    |tmp_99_reg_6375                |   64|  32|   32|          0|
    +-------------------------------+-----+----+-----+-----------+
    |Total                          |11373|2944| 8436|          7|
    +-------------------------------+-----+----+-----+-----------+



================================================================
== Interface
================================================================
* Summary: 
+------------+-----+-----+------------+--------------+--------------+
|  RTL Ports | Dir | Bits|  Protocol  | Source Object|    C Type    |
+------------+-----+-----+------------+--------------+--------------+
|ap_clk      |  in |    1| ap_ctrl_hs |  calculate.2 | return value |
|ap_rst      |  in |    1| ap_ctrl_hs |  calculate.2 | return value |
|ap_start    |  in |    1| ap_ctrl_hs |  calculate.2 | return value |
|ap_done     | out |    1| ap_ctrl_hs |  calculate.2 | return value |
|ap_idle     | out |    1| ap_ctrl_hs |  calculate.2 | return value |
|ap_ready    | out |    1| ap_ctrl_hs |  calculate.2 | return value |
|ap_return   | out |   32| ap_ctrl_hs |  calculate.2 | return value |
|a_address0  | out |    7|  ap_memory |       a      |     array    |
|a_ce0       | out |    1|  ap_memory |       a      |     array    |
|a_q0        |  in |   32|  ap_memory |       a      |     array    |
|a_address1  | out |    7|  ap_memory |       a      |     array    |
|a_ce1       | out |    1|  ap_memory |       a      |     array    |
|a_q1        |  in |   32|  ap_memory |       a      |     array    |
|b_address0  | out |   11|  ap_memory |       b      |     array    |
|b_ce0       | out |    1|  ap_memory |       b      |     array    |
|b_q0        |  in |   32|  ap_memory |       b      |     array    |
|b_address1  | out |   11|  ap_memory |       b      |     array    |
|b_ce1       | out |    1|  ap_memory |       b      |     array    |
|b_q1        |  in |   32|  ap_memory |       b      |     array    |
|b_offset    |  in |    4|   ap_none  |   b_offset   |    scalar    |
+------------+-----+-----+------------+--------------+--------------+

